node.exe : [baseline-
browser-mapping] The 
data in this module 
is over two months 
old.  To ensure 
accurate Baseline 
data, please update: 
`npm i baseline-brows
er-mapping@latest -D`
En línea: 1 
Carácter: 1
+ & "C:\Program Files
\nodejs/node.exe" 
"C:\Program 
Files\nodejs/node_mo 
...
+ ~~~~~~~~~~~~~~~~~~~
~~~~~~~~~~~~~~~~~~~~~
~~~~~~~~~~~~~~~~~~~~~
~~~~~~~~
    + CategoryInfo   
           : NotSpe  
  cified: ([baseli   
 ne-brows...ping@    
latest -D`:Strin    
g) [], RemoteExc    
eption
    + FullyQualified 
   ErrorId : Native  
  CommandError
 
 ÔÜá turbopack.root 
should be absolute, 
using: C:\Users\AlanP
\Desktop\ARyCP
   Ôû▓ Next.js 16.0.10 (Turbopack)
   - Environments: .env.local

   Creating an optimized production build ...
[baseline-browser-map
ping] The data in 
this module is over 
two months old.  To 
ensure accurate 
Baseline data, 
please update: `npm 
i baseline-browser-ma
pping@latest -D`
 Ô£ô Compiled successfully in 6.7s
   Running TypeScript ...
   Collecting page data using 7 workers ...
[baseline-browser-map
ping] The data in 
this module is over 
two months old.  To 
ensure accurate 
Baseline data, 
please update: `npm 
i baseline-browser-ma
pping@latest -D`
[baseline-browser-map
ping] The data in 
this module is over 
two months old.  To 
ensure accurate 
Baseline data, 
please update: `npm 
i baseline-browser-ma
pping@latest -D`
[baseline-browser-map
ping] The data in 
this module is over 
two months old.  To 
ensure accurate 
Baseline data, 
please update: `npm 
i baseline-browser-ma
pping@latest -D`
[baseline-browser-map
ping] The data in 
this module is over 
two months old.  To 
ensure accurate 
Baseline data, 
please update: `npm 
i baseline-browser-ma
pping@latest -D`
[baseline-browser-map
ping] The data in 
this module is over 
two months old.  To 
ensure accurate 
Baseline data, 
please update: `npm 
i baseline-browser-ma
pping@latest -D`
[baseline-browser-map
ping] The data in 
this module is over 
two months old.  To 
ensure accurate 
Baseline data, 
please update: `npm 
i baseline-browser-ma
pping@latest -D`
[baseline-browser-map
ping] The data in 
this module is over 
two months old.  To 
ensure accurate 
Baseline data, 
please update: `npm 
i baseline-browser-ma
pping@latest -D`
   Generating static pages using 7 workers (0/34) ...
[baseline-browser-map
ping] The data in 
this module is over 
two months old.  To 
ensure accurate 
Baseline data, 
please update: `npm 
i baseline-browser-ma
pping@latest -D`
[baseline-browser-map
ping] The data in 
this module is over 
two months old.  To 
ensure accurate 
Baseline data, 
please update: `npm 
i baseline-browser-ma
pping@latest -D`
   Generating static pages using 7 workers (8/34) 
   Generating static pages using 7 workers (16/34) 
   Generating static pages using 7 workers (25/34) 
 Ô£ô Generating static pages using 7 workers (34/34) in 1228.2ms
   Finalizing page optimization ...

Route (app)
Ôöî Ôùï /
Ôö£ Ôùï /_not-found
Ôö£ ãÆ /api/accounting/clients
Ôö£ ãÆ /api/auth/me
Ôö£ ãÆ /api/clients/[id]
Ôö£ ãÆ /api/clients/create
Ôö£ ãÆ /api/clients/list
Ôö£ ãÆ /api/contact
Ôö£ ãÆ /api/emails/send
Ôö£ ãÆ /api/fiscal/clients
Ôö£ ãÆ /api/labor/clients
Ôö£ ãÆ /api/legal/clients
Ôö£ ãÆ /api/messages
Ôö£ ãÆ /api/procedures/clients
Ôö£ ãÆ /api/users/create
Ôö£ ãÆ /api/users/list
Ôö£ ãÆ /auth/error
Ôö£ Ôùï /auth/login
Ôö£ ãÆ /auth/logout
Ôö£ Ôùï /auth/sign-up
Ôö£ Ôùï /auth/sign-up-success
Ôö£ Ôùï /dashboard
Ôö£ Ôùï /dashboard/accounting
Ôö£ ãÆ /dashboard/accounting/[id]
Ôö£ ãÆ /dashboard/calendar
Ôö£ Ôùï /dashboard/clients
Ôö£ ãÆ /dashboard/emails
Ôö£ Ôùï /dashboard/fiscal
Ôö£ ãÆ /dashboard/fiscal/[id]
Ôö£ Ôùï /dashboard/labor
Ôö£ ãÆ /dashboard/labor/[id]
Ôö£ Ôùï /dashboard/legal
Ôö£ ãÆ /dashboard/legal/[id]
Ôö£ Ôùï /dashboard/messages
Ôö£ Ôùï /dashboard/procedures
Ôö£ ãÆ /dashboard/procedures/[id]
Ôö£ Ôùï /dashboard/process-control
Ôöö Ôùï /dashboard/users


ãÆ Proxy (Middleware)

Ôùï  (Static)   prerendered as static content
ãÆ  (Dynamic)  server-rendered on demand

